Release 14.7 Map P.20131013 (nt64)
Xilinx Map Application Log File for Design 'HW2_top_4sim'

Design Information
------------------
Command Line   : map -intstyle ise -p xa7a100t-csg324-2I -w -logic_opt off -ol
high -t 1 -xt 0 -register_duplication off -r 4 -mt off -ir off -pr off -lc off
-power off -o HW2_top_4sim_map.ncd HW2_top_4sim.ngd HW2_top_4sim.pcf 
Target Device  : xa7a100t
Target Package : csg324
Target Speed   : -2i
Mapper Version : aartix7 -- $Revision: 1.55 $
Mapped Date    : Mon May 04 20:17:57 2015

WARNING:LIT:701 - PAD symbol "CK_50MHz" has an undefined IOSTANDARD.
WARNING:LIT:702 - PAD symbol "CK_50MHz" is not constrained (LOC) to a specific
   location.
Mapping design into LUTs...
Running directed packing...
Running delay-based LUT packing...
Updating timing models...
INFO:Map:215 - The Interim Design Summary has been generated in the MAP Report
   (.mrp).
Running timing-driven placement...
Total REAL time at the beginning of Placer: 31 secs 
Total CPU  time at the beginning of Placer: 29 secs 

Phase 1.1  Initial Placement Analysis
Phase 1.1  Initial Placement Analysis (Checksum:19a9c) REAL time: 34 secs 

Phase 2.7  Design Feasibility Check
Phase 2.7  Design Feasibility Check (Checksum:19a9c) REAL time: 34 secs 

Phase 3.31  Local Placement Optimization
Phase 3.31  Local Placement Optimization (Checksum:19a9c) REAL time: 34 secs 

Phase 4.2  Initial Placement for Architecture Specific Features
....
Phase 4.2  Initial Placement for Architecture Specific Features
(Checksum:43431f92) REAL time: 41 secs 

Phase 5.30  Global Clock Region Assignment
Phase 5.30  Global Clock Region Assignment (Checksum:43431f92) REAL time: 41 secs 

Phase 6.3  Local Placement Optimization
...
Phase 6.3  Local Placement Optimization (Checksum:7e664e71) REAL time: 44 secs 

Phase 7.5  Local Placement Optimization
Phase 7.5  Local Placement Optimization (Checksum:7e664e71) REAL time: 44 secs 

Phase 8.8  Global Placement
...
.......................
................
Phase 8.8  Global Placement (Checksum:baf15b27) REAL time: 45 secs 

Phase 9.5  Local Placement Optimization
Phase 9.5  Local Placement Optimization (Checksum:baf15b27) REAL time: 45 secs 

Phase 10.18  Placement Optimization
Phase 10.18  Placement Optimization (Checksum:852a96c5) REAL time: 49 secs 

Phase 11.5  Local Placement Optimization
Phase 11.5  Local Placement Optimization (Checksum:852a96c5) REAL time: 49 secs 

Phase 12.34  Placement Validation
Phase 12.34  Placement Validation (Checksum:852a96c5) REAL time: 50 secs 

Total REAL time to Placer completion: 50 secs 
Total CPU  time to Placer completion: 47 secs 
Running post-placement packing...
Writing output files...
WARNING:PhysDesignRules:2452 - The IOB HOLD_out_to_TB is either not constrained
   (LOC) to a specific location and/or has an undefined I/O Standard
   (IOSTANDARD). This condition may seriously affect the device and will be an
   error in bitstream creation. It should be corrected by properly specifying
   the pin location and I/O Standard.
WARNING:PhysDesignRules:2452 - The IOB switches_in<6> is either not constrained
   (LOC) to a specific location and/or has an undefined I/O Standard
   (IOSTANDARD). This condition may seriously affect the device and will be an
   error in bitstream creation. It should be corrected by properly specifying
   the pin location and I/O Standard.
WARNING:PhysDesignRules:2452 - The IOB CK_out_to_TB is either not constrained
   (LOC) to a specific location and/or has an undefined I/O Standard
   (IOSTANDARD). This condition may seriously affect the device and will be an
   error in bitstream creation. It should be corrected by properly specifying
   the pin location and I/O Standard.
WARNING:PhysDesignRules:2452 - The IOB PC_plus_4_pID_out_to_TB<19> is either not
   constrained (LOC) to a specific location and/or has an undefined I/O Standard
   (IOSTANDARD). This condition may seriously affect the device and will be an
   error in bitstream creation. It should be corrected by properly specifying
   the pin location and I/O Standard.
WARNING:PhysDesignRules:2452 - The IOB PC_plus_4_pID_out_to_TB<18> is either not
   constrained (LOC) to a specific location and/or has an undefined I/O Standard
   (IOSTANDARD). This condition may seriously affect the device and will be an
   error in bitstream creation. It should be corrected by properly specifying
   the pin location and I/O Standard.
WARNING:PhysDesignRules:2452 - The IOB PC_plus_4_pID_out_to_TB<17> is either not
   constrained (LOC) to a specific location and/or has an undefined I/O Standard
   (IOSTANDARD). This condition may seriously affect the device and will be an
   error in bitstream creation. It should be corrected by properly specifying
   the pin location and I/O Standard.
WARNING:PhysDesignRules:2452 - The IOB PC_plus_4_pID_out_to_TB<16> is either not
   constrained (LOC) to a specific location and/or has an undefined I/O Standard
   (IOSTANDARD). This condition may seriously affect the device and will be an
   error in bitstream creation. It should be corrected by properly specifying
   the pin location and I/O Standard.
WARNING:PhysDesignRules:2452 - The IOB PC_plus_4_pID_out_to_TB<15> is either not
   constrained (LOC) to a specific location and/or has an undefined I/O Standard
   (IOSTANDARD). This condition may seriously affect the device and will be an
   error in bitstream creation. It should be corrected by properly specifying
   the pin location and I/O Standard.
WARNING:PhysDesignRules:2452 - The IOB PC_plus_4_pID_out_to_TB<14> is either not
   constrained (LOC) to a specific location and/or has an undefined I/O Standard
   (IOSTANDARD). This condition may seriously affect the device and will be an
   error in bitstream creation. It should be corrected by properly specifying
   the pin location and I/O Standard.
WARNING:PhysDesignRules:2452 - The IOB PC_plus_4_pID_out_to_TB<13> is either not
   constrained (LOC) to a specific location and/or has an undefined I/O Standard
   (IOSTANDARD). This condition may seriously affect the device and will be an
   error in bitstream creation. It should be corrected by properly specifying
   the pin location and I/O Standard.
WARNING:PhysDesignRules:2452 - The IOB PC_plus_4_pID_out_to_TB<12> is either not
   constrained (LOC) to a specific location and/or has an undefined I/O Standard
   (IOSTANDARD). This condition may seriously affect the device and will be an
   error in bitstream creation. It should be corrected by properly specifying
   the pin location and I/O Standard.
WARNING:PhysDesignRules:2452 - The IOB PC_plus_4_pID_out_to_TB<11> is either not
   constrained (LOC) to a specific location and/or has an undefined I/O Standard
   (IOSTANDARD). This condition may seriously affect the device and will be an
   error in bitstream creation. It should be corrected by properly specifying
   the pin location and I/O Standard.
WARNING:PhysDesignRules:2452 - The IOB PC_plus_4_pID_out_to_TB<10> is either not
   constrained (LOC) to a specific location and/or has an undefined I/O Standard
   (IOSTANDARD). This condition may seriously affect the device and will be an
   error in bitstream creation. It should be corrected by properly specifying
   the pin location and I/O Standard.
WARNING:PhysDesignRules:2452 - The IOB PC_plus_4_pID_out_to_TB<29> is either not
   constrained (LOC) to a specific location and/or has an undefined I/O Standard
   (IOSTANDARD). This condition may seriously affect the device and will be an
   error in bitstream creation. It should be corrected by properly specifying
   the pin location and I/O Standard.
WARNING:PhysDesignRules:2452 - The IOB PC_plus_4_pID_out_to_TB<28> is either not
   constrained (LOC) to a specific location and/or has an undefined I/O Standard
   (IOSTANDARD). This condition may seriously affect the device and will be an
   error in bitstream creation. It should be corrected by properly specifying
   the pin location and I/O Standard.
WARNING:PhysDesignRules:2452 - The IOB PC_plus_4_pID_out_to_TB<27> is either not
   constrained (LOC) to a specific location and/or has an undefined I/O Standard
   (IOSTANDARD). This condition may seriously affect the device and will be an
   error in bitstream creation. It should be corrected by properly specifying
   the pin location and I/O Standard.
WARNING:PhysDesignRules:2452 - The IOB PC_plus_4_pID_out_to_TB<26> is either not
   constrained (LOC) to a specific location and/or has an undefined I/O Standard
   (IOSTANDARD). This condition may seriously affect the device and will be an
   error in bitstream creation. It should be corrected by properly specifying
   the pin location and I/O Standard.
WARNING:PhysDesignRules:2452 - The IOB PC_plus_4_pID_out_to_TB<25> is either not
   constrained (LOC) to a specific location and/or has an undefined I/O Standard
   (IOSTANDARD). This condition may seriously affect the device and will be an
   error in bitstream creation. It should be corrected by properly specifying
   the pin location and I/O Standard.
WARNING:PhysDesignRules:2452 - The IOB PC_plus_4_pID_out_to_TB<24> is either not
   constrained (LOC) to a specific location and/or has an undefined I/O Standard
   (IOSTANDARD). This condition may seriously affect the device and will be an
   error in bitstream creation. It should be corrected by properly specifying
   the pin location and I/O Standard.
WARNING:PhysDesignRules:2452 - The IOB PC_plus_4_pID_out_to_TB<23> is either not
   constrained (LOC) to a specific location and/or has an undefined I/O Standard
   (IOSTANDARD). This condition may seriously affect the device and will be an
   error in bitstream creation. It should be corrected by properly specifying
   the pin location and I/O Standard.
WARNING:PhysDesignRules:2452 - The IOB PC_plus_4_pID_out_to_TB<22> is either not
   constrained (LOC) to a specific location and/or has an undefined I/O Standard
   (IOSTANDARD). This condition may seriously affect the device and will be an
   error in bitstream creation. It should be corrected by properly specifying
   the pin location and I/O Standard.
WARNING:PhysDesignRules:2452 - The IOB PC_plus_4_pID_out_to_TB<21> is either not
   constrained (LOC) to a specific location and/or has an undefined I/O Standard
   (IOSTANDARD). This condition may seriously affect the device and will be an
   error in bitstream creation. It should be corrected by properly specifying
   the pin location and I/O Standard.
WARNING:PhysDesignRules:2452 - The IOB PC_plus_4_pID_out_to_TB<20> is either not
   constrained (LOC) to a specific location and/or has an undefined I/O Standard
   (IOSTANDARD). This condition may seriously affect the device and will be an
   error in bitstream creation. It should be corrected by properly specifying
   the pin location and I/O Standard.
WARNING:PhysDesignRules:2452 - The IOB PC_plus_4_pID_out_to_TB<31> is either not
   constrained (LOC) to a specific location and/or has an undefined I/O Standard
   (IOSTANDARD). This condition may seriously affect the device and will be an
   error in bitstream creation. It should be corrected by properly specifying
   the pin location and I/O Standard.
WARNING:PhysDesignRules:2452 - The IOB PC_plus_4_pID_out_to_TB<30> is either not
   constrained (LOC) to a specific location and/or has an undefined I/O Standard
   (IOSTANDARD). This condition may seriously affect the device and will be an
   error in bitstream creation. It should be corrected by properly specifying
   the pin location and I/O Standard.
WARNING:PhysDesignRules:2452 - The IOB CK_50MHz is either not constrained (LOC)
   to a specific location and/or has an undefined I/O Standard (IOSTANDARD).
   This condition may seriously affect the device and will be an error in
   bitstream creation. It should be corrected by properly specifying the pin
   location and I/O Standard.
WARNING:PhysDesignRules:2452 - The IOB IR_reg_out_to_TB<16> is either not
   constrained (LOC) to a specific location and/or has an undefined I/O Standard
   (IOSTANDARD). This condition may seriously affect the device and will be an
   error in bitstream creation. It should be corrected by properly specifying
   the pin location and I/O Standard.
WARNING:PhysDesignRules:2452 - The IOB IR_reg_out_to_TB<15> is either not
   constrained (LOC) to a specific location and/or has an undefined I/O Standard
   (IOSTANDARD). This condition may seriously affect the device and will be an
   error in bitstream creation. It should be corrected by properly specifying
   the pin location and I/O Standard.
WARNING:PhysDesignRules:2452 - The IOB IR_reg_out_to_TB<18> is either not
   constrained (LOC) to a specific location and/or has an undefined I/O Standard
   (IOSTANDARD). This condition may seriously affect the device and will be an
   error in bitstream creation. It should be corrected by properly specifying
   the pin location and I/O Standard.
WARNING:PhysDesignRules:2452 - The IOB IR_reg_out_to_TB<17> is either not
   constrained (LOC) to a specific location and/or has an undefined I/O Standard
   (IOSTANDARD). This condition may seriously affect the device and will be an
   error in bitstream creation. It should be corrected by properly specifying
   the pin location and I/O Standard.
WARNING:PhysDesignRules:2452 - The IOB IR_reg_out_to_TB<19> is either not
   constrained (LOC) to a specific location and/or has an undefined I/O Standard
   (IOSTANDARD). This condition may seriously affect the device and will be an
   error in bitstream creation. It should be corrected by properly specifying
   the pin location and I/O Standard.
WARNING:PhysDesignRules:2452 - The IOB IR_reg_out_to_TB<10> is either not
   constrained (LOC) to a specific location and/or has an undefined I/O Standard
   (IOSTANDARD). This condition may seriously affect the device and will be an
   error in bitstream creation. It should be corrected by properly specifying
   the pin location and I/O Standard.
WARNING:PhysDesignRules:2452 - The IOB IR_reg_out_to_TB<12> is either not
   constrained (LOC) to a specific location and/or has an undefined I/O Standard
   (IOSTANDARD). This condition may seriously affect the device and will be an
   error in bitstream creation. It should be corrected by properly specifying
   the pin location and I/O Standard.
WARNING:PhysDesignRules:2452 - The IOB IR_reg_out_to_TB<11> is either not
   constrained (LOC) to a specific location and/or has an undefined I/O Standard
   (IOSTANDARD). This condition may seriously affect the device and will be an
   error in bitstream creation. It should be corrected by properly specifying
   the pin location and I/O Standard.
WARNING:PhysDesignRules:2452 - The IOB IR_reg_out_to_TB<14> is either not
   constrained (LOC) to a specific location and/or has an undefined I/O Standard
   (IOSTANDARD). This condition may seriously affect the device and will be an
   error in bitstream creation. It should be corrected by properly specifying
   the pin location and I/O Standard.
WARNING:PhysDesignRules:2452 - The IOB IR_reg_out_to_TB<13> is either not
   constrained (LOC) to a specific location and/or has an undefined I/O Standard
   (IOSTANDARD). This condition may seriously affect the device and will be an
   error in bitstream creation. It should be corrected by properly specifying
   the pin location and I/O Standard.
WARNING:PhysDesignRules:2452 - The IOB IR_reg_out_to_TB<26> is either not
   constrained (LOC) to a specific location and/or has an undefined I/O Standard
   (IOSTANDARD). This condition may seriously affect the device and will be an
   error in bitstream creation. It should be corrected by properly specifying
   the pin location and I/O Standard.
WARNING:PhysDesignRules:2452 - The IOB IR_reg_out_to_TB<25> is either not
   constrained (LOC) to a specific location and/or has an undefined I/O Standard
   (IOSTANDARD). This condition may seriously affect the device and will be an
   error in bitstream creation. It should be corrected by properly specifying
   the pin location and I/O Standard.
WARNING:PhysDesignRules:2452 - The IOB IR_reg_out_to_TB<28> is either not
   constrained (LOC) to a specific location and/or has an undefined I/O Standard
   (IOSTANDARD). This condition may seriously affect the device and will be an
   error in bitstream creation. It should be corrected by properly specifying
   the pin location and I/O Standard.
WARNING:PhysDesignRules:2452 - The IOB IR_reg_out_to_TB<27> is either not
   constrained (LOC) to a specific location and/or has an undefined I/O Standard
   (IOSTANDARD). This condition may seriously affect the device and will be an
   error in bitstream creation. It should be corrected by properly specifying
   the pin location and I/O Standard.
WARNING:PhysDesignRules:2452 - The IOB IR_reg_out_to_TB<29> is either not
   constrained (LOC) to a specific location and/or has an undefined I/O Standard
   (IOSTANDARD). This condition may seriously affect the device and will be an
   error in bitstream creation. It should be corrected by properly specifying
   the pin location and I/O Standard.
WARNING:PhysDesignRules:2452 - The IOB IR_reg_out_to_TB<20> is either not
   constrained (LOC) to a specific location and/or has an undefined I/O Standard
   (IOSTANDARD). This condition may seriously affect the device and will be an
   error in bitstream creation. It should be corrected by properly specifying
   the pin location and I/O Standard.
WARNING:PhysDesignRules:2452 - The IOB IR_reg_out_to_TB<22> is either not
   constrained (LOC) to a specific location and/or has an undefined I/O Standard
   (IOSTANDARD). This condition may seriously affect the device and will be an
   error in bitstream creation. It should be corrected by properly specifying
   the pin location and I/O Standard.
WARNING:PhysDesignRules:2452 - The IOB IR_reg_out_to_TB<21> is either not
   constrained (LOC) to a specific location and/or has an undefined I/O Standard
   (IOSTANDARD). This condition may seriously affect the device and will be an
   error in bitstream creation. It should be corrected by properly specifying
   the pin location and I/O Standard.
WARNING:PhysDesignRules:2452 - The IOB IR_reg_out_to_TB<24> is either not
   constrained (LOC) to a specific location and/or has an undefined I/O Standard
   (IOSTANDARD). This condition may seriously affect the device and will be an
   error in bitstream creation. It should be corrected by properly specifying
   the pin location and I/O Standard.
WARNING:PhysDesignRules:2452 - The IOB RESET_out_to_TB is either not constrained
   (LOC) to a specific location and/or has an undefined I/O Standard
   (IOSTANDARD). This condition may seriously affect the device and will be an
   error in bitstream creation. It should be corrected by properly specifying
   the pin location and I/O Standard.
WARNING:PhysDesignRules:2452 - The IOB IR_reg_out_to_TB<23> is either not
   constrained (LOC) to a specific location and/or has an undefined I/O Standard
   (IOSTANDARD). This condition may seriously affect the device and will be an
   error in bitstream creation. It should be corrected by properly specifying
   the pin location and I/O Standard.
WARNING:PhysDesignRules:2452 - The IOB leds_out<6> is either not constrained
   (LOC) to a specific location and/or has an undefined I/O Standard
   (IOSTANDARD). This condition may seriously affect the device and will be an
   error in bitstream creation. It should be corrected by properly specifying
   the pin location and I/O Standard.
WARNING:PhysDesignRules:2452 - The IOB leds_out<5> is either not constrained
   (LOC) to a specific location and/or has an undefined I/O Standard
   (IOSTANDARD). This condition may seriously affect the device and will be an
   error in bitstream creation. It should be corrected by properly specifying
   the pin location and I/O Standard.
WARNING:PhysDesignRules:2452 - The IOB leds_out<7> is either not constrained
   (LOC) to a specific location and/or has an undefined I/O Standard
   (IOSTANDARD). This condition may seriously affect the device and will be an
   error in bitstream creation. It should be corrected by properly specifying
   the pin location and I/O Standard.
WARNING:PhysDesignRules:2452 - The IOB IR_reg_out_to_TB<30> is either not
   constrained (LOC) to a specific location and/or has an undefined I/O Standard
   (IOSTANDARD). This condition may seriously affect the device and will be an
   error in bitstream creation. It should be corrected by properly specifying
   the pin location and I/O Standard.
WARNING:PhysDesignRules:2452 - The IOB IR_reg_out_to_TB<31> is either not
   constrained (LOC) to a specific location and/or has an undefined I/O Standard
   (IOSTANDARD). This condition may seriously affect the device and will be an
   error in bitstream creation. It should be corrected by properly specifying
   the pin location and I/O Standard.
WARNING:PhysDesignRules:2452 - The IOB leds_out<0> is either not constrained
   (LOC) to a specific location and/or has an undefined I/O Standard
   (IOSTANDARD). This condition may seriously affect the device and will be an
   error in bitstream creation. It should be corrected by properly specifying
   the pin location and I/O Standard.
WARNING:PhysDesignRules:2452 - The IOB IR_reg_out_to_TB<1> is either not
   constrained (LOC) to a specific location and/or has an undefined I/O Standard
   (IOSTANDARD). This condition may seriously affect the device and will be an
   error in bitstream creation. It should be corrected by properly specifying
   the pin location and I/O Standard.
WARNING:PhysDesignRules:2452 - The IOB IR_reg_out_to_TB<2> is either not
   constrained (LOC) to a specific location and/or has an undefined I/O Standard
   (IOSTANDARD). This condition may seriously affect the device and will be an
   error in bitstream creation. It should be corrected by properly specifying
   the pin location and I/O Standard.
WARNING:PhysDesignRules:2452 - The IOB leds_out<2> is either not constrained
   (LOC) to a specific location and/or has an undefined I/O Standard
   (IOSTANDARD). This condition may seriously affect the device and will be an
   error in bitstream creation. It should be corrected by properly specifying
   the pin location and I/O Standard.
WARNING:PhysDesignRules:2452 - The IOB IR_reg_out_to_TB<3> is either not
   constrained (LOC) to a specific location and/or has an undefined I/O Standard
   (IOSTANDARD). This condition may seriously affect the device and will be an
   error in bitstream creation. It should be corrected by properly specifying
   the pin location and I/O Standard.
WARNING:PhysDesignRules:2452 - The IOB leds_out<1> is either not constrained
   (LOC) to a specific location and/or has an undefined I/O Standard
   (IOSTANDARD). This condition may seriously affect the device and will be an
   error in bitstream creation. It should be corrected by properly specifying
   the pin location and I/O Standard.
WARNING:PhysDesignRules:2452 - The IOB IR_reg_out_to_TB<4> is either not
   constrained (LOC) to a specific location and/or has an undefined I/O Standard
   (IOSTANDARD). This condition may seriously affect the device and will be an
   error in bitstream creation. It should be corrected by properly specifying
   the pin location and I/O Standard.
WARNING:PhysDesignRules:2452 - The IOB leds_out<4> is either not constrained
   (LOC) to a specific location and/or has an undefined I/O Standard
   (IOSTANDARD). This condition may seriously affect the device and will be an
   error in bitstream creation. It should be corrected by properly specifying
   the pin location and I/O Standard.
WARNING:PhysDesignRules:2452 - The IOB leds_out<3> is either not constrained
   (LOC) to a specific location and/or has an undefined I/O Standard
   (IOSTANDARD). This condition may seriously affect the device and will be an
   error in bitstream creation. It should be corrected by properly specifying
   the pin location and I/O Standard.
WARNING:PhysDesignRules:2452 - The IOB IR_reg_out_to_TB<0> is either not
   constrained (LOC) to a specific location and/or has an undefined I/O Standard
   (IOSTANDARD). This condition may seriously affect the device and will be an
   error in bitstream creation. It should be corrected by properly specifying
   the pin location and I/O Standard.
WARNING:PhysDesignRules:2452 - The IOB IR_reg_out_to_TB<9> is either not
   constrained (LOC) to a specific location and/or has an undefined I/O Standard
   (IOSTANDARD). This condition may seriously affect the device and will be an
   error in bitstream creation. It should be corrected by properly specifying
   the pin location and I/O Standard.
WARNING:PhysDesignRules:2452 - The IOB IR_reg_out_to_TB<5> is either not
   constrained (LOC) to a specific location and/or has an undefined I/O Standard
   (IOSTANDARD). This condition may seriously affect the device and will be an
   error in bitstream creation. It should be corrected by properly specifying
   the pin location and I/O Standard.
WARNING:PhysDesignRules:2452 - The IOB IR_reg_out_to_TB<6> is either not
   constrained (LOC) to a specific location and/or has an undefined I/O Standard
   (IOSTANDARD). This condition may seriously affect the device and will be an
   error in bitstream creation. It should be corrected by properly specifying
   the pin location and I/O Standard.
WARNING:PhysDesignRules:2452 - The IOB IR_reg_out_to_TB<7> is either not
   constrained (LOC) to a specific location and/or has an undefined I/O Standard
   (IOSTANDARD). This condition may seriously affect the device and will be an
   error in bitstream creation. It should be corrected by properly specifying
   the pin location and I/O Standard.
WARNING:PhysDesignRules:2452 - The IOB IR_reg_out_to_TB<8> is either not
   constrained (LOC) to a specific location and/or has an undefined I/O Standard
   (IOSTANDARD). This condition may seriously affect the device and will be an
   error in bitstream creation. It should be corrected by properly specifying
   the pin location and I/O Standard.
WARNING:PhysDesignRules:2452 - The IOB RS232_Tx is either not constrained (LOC)
   to a specific location and/or has an undefined I/O Standard (IOSTANDARD).
   This condition may seriously affect the device and will be an error in
   bitstream creation. It should be corrected by properly specifying the pin
   location and I/O Standard.
WARNING:PhysDesignRules:2452 - The IOB PC_plus_4_pID_out_to_TB<0> is either not
   constrained (LOC) to a specific location and/or has an undefined I/O Standard
   (IOSTANDARD). This condition may seriously affect the device and will be an
   error in bitstream creation. It should be corrected by properly specifying
   the pin location and I/O Standard.
WARNING:PhysDesignRules:2452 - The IOB PC_plus_4_pID_out_to_TB<1> is either not
   constrained (LOC) to a specific location and/or has an undefined I/O Standard
   (IOSTANDARD). This condition may seriously affect the device and will be an
   error in bitstream creation. It should be corrected by properly specifying
   the pin location and I/O Standard.
WARNING:PhysDesignRules:2452 - The IOB PC_plus_4_pID_out_to_TB<2> is either not
   constrained (LOC) to a specific location and/or has an undefined I/O Standard
   (IOSTANDARD). This condition may seriously affect the device and will be an
   error in bitstream creation. It should be corrected by properly specifying
   the pin location and I/O Standard.
WARNING:PhysDesignRules:2452 - The IOB PC_plus_4_pID_out_to_TB<3> is either not
   constrained (LOC) to a specific location and/or has an undefined I/O Standard
   (IOSTANDARD). This condition may seriously affect the device and will be an
   error in bitstream creation. It should be corrected by properly specifying
   the pin location and I/O Standard.
WARNING:PhysDesignRules:2452 - The IOB PC_plus_4_pID_out_to_TB<4> is either not
   constrained (LOC) to a specific location and/or has an undefined I/O Standard
   (IOSTANDARD). This condition may seriously affect the device and will be an
   error in bitstream creation. It should be corrected by properly specifying
   the pin location and I/O Standard.
WARNING:PhysDesignRules:2452 - The IOB PC_plus_4_pID_out_to_TB<5> is either not
   constrained (LOC) to a specific location and/or has an undefined I/O Standard
   (IOSTANDARD). This condition may seriously affect the device and will be an
   error in bitstream creation. It should be corrected by properly specifying
   the pin location and I/O Standard.
WARNING:PhysDesignRules:2452 - The IOB PC_plus_4_pID_out_to_TB<6> is either not
   constrained (LOC) to a specific location and/or has an undefined I/O Standard
   (IOSTANDARD). This condition may seriously affect the device and will be an
   error in bitstream creation. It should be corrected by properly specifying
   the pin location and I/O Standard.
WARNING:PhysDesignRules:2452 - The IOB PC_plus_4_pID_out_to_TB<7> is either not
   constrained (LOC) to a specific location and/or has an undefined I/O Standard
   (IOSTANDARD). This condition may seriously affect the device and will be an
   error in bitstream creation. It should be corrected by properly specifying
   the pin location and I/O Standard.
WARNING:PhysDesignRules:2452 - The IOB PC_plus_4_pID_out_to_TB<8> is either not
   constrained (LOC) to a specific location and/or has an undefined I/O Standard
   (IOSTANDARD). This condition may seriously affect the device and will be an
   error in bitstream creation. It should be corrected by properly specifying
   the pin location and I/O Standard.
WARNING:PhysDesignRules:2452 - The IOB PC_plus_4_pID_out_to_TB<9> is either not
   constrained (LOC) to a specific location and/or has an undefined I/O Standard
   (IOSTANDARD). This condition may seriously affect the device and will be an
   error in bitstream creation. It should be corrected by properly specifying
   the pin location and I/O Standard.
FATAL_ERROR:MapHelpers:basmpreport.c:318:1.18 - Cannot open mapper report file
   'HW2_top_4sim_map.mrp'.   For technical support on this issue, please visit
   http://www.xilinx.com/support.
INTERNAL_ERROR:Portability:Port_MsgStreamImp.c:468:1.20 - Unable to delete
   requested message stream. 
