EN clock_driver NULL "C:/Users/Matan/Dropbox/IDC/Year 2/Spring/Build Your Own Computer/Mips-Pipelined-processor/IType MIPS CPU/Simulation/Src_4sim/Clock_driver_for_sim.vhd" sub00/vhpl08 1433182808
AR hw5_mips_4sim behavioral "C:/Users/Matan/Dropbox/IDC/Year 2/Spring/Build Your Own Computer/Mips-Pipelined-processor/IType MIPS CPU/Simulation/Src_4sim/HW5_MIPS_4sim-empty.vhd" sub00/vhpl11 1433182811
EN dual_port_memory_no_ck_read NULL "C:/Users/Matan/Dropbox/IDC/Year 2/Spring/Build Your Own Computer/Mips-Pipelined-processor/IType MIPS CPU/Simulation/Src_4sim/dual_port_memory-empty.vhd" sub00/vhpl00 1433182800
EN mips_alu NULL "C:/Users/Matan/Dropbox/IDC/Year 2/Spring/Build Your Own Computer/Mips-Pipelined-processor/IType MIPS CPU/Simulation/Src_4sim/MIPS_ALU-empty.vhd" sub00/vhpl06 1433182806
AR fetch_unit behavioral "C:/Users/Matan/Dropbox/IDC/Year 2/Spring/Build Your Own Computer/Mips-Pipelined-processor/IType MIPS CPU/Simulation/Src_4sim/Fetch_Unit-empty.vhd" sub00/vhpl03 1433182803
EN fetch_unit NULL "C:/Users/Matan/Dropbox/IDC/Year 2/Spring/Build Your Own Computer/Mips-Pipelined-processor/IType MIPS CPU/Simulation/Src_4sim/Fetch_Unit-empty.vhd" sub00/vhpl02 1433182802
AR gpr behavioral "C:/Users/Matan/Dropbox/IDC/Year 2/Spring/Build Your Own Computer/Mips-Pipelined-processor/IType MIPS CPU/Simulation/Src_4sim/GPR-empty.vhd" sub00/vhpl05 1433182805
AR mips_alu behavioral "C:/Users/Matan/Dropbox/IDC/Year 2/Spring/Build Your Own Computer/Mips-Pipelined-processor/IType MIPS CPU/Simulation/Src_4sim/MIPS_ALU-empty.vhd" sub00/vhpl07 1433182807
AR dual_port_memory_no_ck_read dual_port_memory "C:/Users/Matan/Dropbox/IDC/Year 2/Spring/Build Your Own Computer/Mips-Pipelined-processor/IType MIPS CPU/Simulation/Src_4sim/dual_port_memory-empty.vhd" sub00/vhpl01 1433182801
EN gpr NULL "C:/Users/Matan/Dropbox/IDC/Year 2/Spring/Build Your Own Computer/Mips-Pipelined-processor/IType MIPS CPU/Simulation/Src_4sim/GPR-empty.vhd" sub00/vhpl04 1433182804
EN hw5_mips_4sim NULL "C:/Users/Matan/Dropbox/IDC/Year 2/Spring/Build Your Own Computer/Mips-Pipelined-processor/IType MIPS CPU/Simulation/Src_4sim/HW5_MIPS_4sim-empty.vhd" sub00/vhpl10 1433182810
AR clock_driver clock_divider "C:/Users/Matan/Dropbox/IDC/Year 2/Spring/Build Your Own Computer/Mips-Pipelined-processor/IType MIPS CPU/Simulation/Src_4sim/Clock_driver_for_sim.vhd" sub00/vhpl09 1433182809
